
> build
> vite build

[36mvite v5.3.3 [32mbuilding for production...[36m[39m
npm : Browserslist: caniuse-lite is outdated. Please run:
At line:1 char:33
+ cd C:\laragon\www\backtradelab; npm run build 2>&1 | Out-File -FilePa ...
+                                 ~~~~~~~~~~~~~~~~~~
    + CategoryInfo          : NotSpecified: (Browserslist: c...ed. Please run::String) [], RemoteException
    + FullyQualifiedErrorId : NativeCommandError
 
  npx update-browserslist-db@latest
  Why you should do it regularly: https://github.com/browserslist/update-db#readme
transforming...
node_modules/lottie-web/build/player/lottie.js (17010:32): Use of eval in 
"node_modules/lottie-web/build/player/lottie.js" is strongly discouraged as it poses security risks and may cause 
issues with minification.
[32mΓ£ô[39m 2910 modules transformed.
rendering chunks...
computing gzip size...
[2mpublic/build/[22m[32mmanifest.json                    [39m[1m[2m    1.37 kB[22m[1m[22m[2m Γöé gzip:   0.35 kB[22m
[2mpublic/build/[22m[32massets/slick-BlUtDIuC.woff       [39m[1m[2m    1.38 kB[22m[1m[22m
[2mpublic/build/[22m[32massets/slick-DWzRxEMf.ttf        [39m[1m[2m    1.89 kB[22m[1m[22m
[2mpublic/build/[22m[32massets/slick-Bi9J8BMx.eot        [39m[1m[2m    2.05 kB[22m[1m[22m
[2mpublic/build/[22m[32massets/slick-BlzDm7g2.svg        [39m[1m[2m    2.15 kB[22m[1m[22m[2m Γöé gzip:   0.91 kB[22m
[2mpublic/build/[22m[32massets/ajax-loader-BcnMEykj.gif  [39m[1m[2m    4.18 kB[22m[1m[22m
[2mpublic/build/[22m[35massets/app-mW7JwYgT.css          [39m[1m[2m   28.69 kB[22m[1m[22m[2m Γöé gzip:   5.10 kB[22m
[2mpublic/build/[22m[35massets/app-DNVBW2kx.css          [39m[1m[2m   71.54 kB[22m[1m[22m[2m Γöé gzip:  12.74 kB[22m
[2mpublic/build/[22m[36massets/app-C1PQR4MS.js           [39m[1m[33m3,082.46 kB[39m[22m[2m Γöé gzip: 861.54 kB[22m
[33m
(!) Some chunks are larger than 500 kB after minification. Consider:
- Using dynamic import() to code-split the application
- Use build.rollupOptions.output.manualChunks to improve chunking: 
https://rollupjs.org/configuration-options/#output-manualchunks
- Adjust chunk size limit for this warning via build.chunkSizeWarningLimit.[39m
[32mΓ£ô built in 22.52s[39m
